[    0.000000] Linux version 4.15.0-144-generic (buildd@lgw01-amd64-031) (gcc version 7.5.0 (Ubuntu 7.5.0-3ubuntu1~18.04)) #148-Ubuntu SMP Sat May 8 02:33:43 UTC 2021 (Ubuntu 4.15.0-144.148-generic 4.15.18)
[    0.000000] Command line: BOOT_IMAGE=/boot/vmlinuz-4.15.0-144-generic root=LABEL=cloudimg-rootfs ro console=tty1 console=ttyS0
[    0.000000] KERNEL supported cpus:
[    0.000000]   Intel GenuineIntel
[    0.000000]   AMD AuthenticAMD
[    0.000000]   Centaur CentaurHauls
[    0.000000] x86/fpu: Supporting XSAVE feature 0x001: 'x87 floating point registers'
[    0.000000] x86/fpu: Supporting XSAVE feature 0x002: 'SSE registers'
[    0.000000] x86/fpu: Supporting XSAVE feature 0x004: 'AVX registers'
[    0.000000] x86/fpu: xstate_offset[2]:  576, xstate_sizes[2]:  256
[    0.000000] x86/fpu: Enabled xstate features 0x7, context size is 832 bytes, using 'standard' format.
[    0.000000] e820: BIOS-provided physical RAM map:
[    0.000000] BIOS-e820: [mem 0x0000000000000000-0x000000000009fbff] usable
[    0.000000] BIOS-e820: [mem 0x000000000009fc00-0x000000000009ffff] reserved
[    0.000000] BIOS-e820: [mem 0x00000000000f0000-0x00000000000fffff] reserved
[    0.000000] BIOS-e820: [mem 0x0000000000100000-0x000000003ffeffff] usable
[    0.000000] BIOS-e820: [mem 0x000000003fff0000-0x000000003fffffff] ACPI data
[    0.000000] BIOS-e820: [mem 0x00000000fec00000-0x00000000fec00fff] reserved
[    0.000000] BIOS-e820: [mem 0x00000000fee00000-0x00000000fee00fff] reserved
[    0.000000] BIOS-e820: [mem 0x00000000fffc0000-0x00000000ffffffff] reserved
[    0.000000] NX (Execute Disable) protection: active
[    0.000000] SMBIOS 2.5 present.
[    0.000000] DMI: innotek GmbH VirtualBox/VirtualBox, BIOS VirtualBox 12/01/2006
[    0.000000] Hypervisor detected: KVM
[    0.000000] e820: last_pfn = 0x3fff0 max_arch_pfn = 0x400000000
[    0.000000] MTRR: Disabled
[    0.000000] x86/PAT: MTRRs disabled, skipping PAT initialization too.
[    0.000000] CPU MTRRs all blank - virtualized system.
[    0.000000] x86/PAT: Configuration [0-7]: WB  WT  UC- UC  WB  WT  UC- UC  
[    0.000000] found SMP MP-table at [mem 0x0009fff0-0x0009ffff]
[    0.000000] Scanning 1 areas for low memory corruption
[    0.000000] RAMDISK: [mem 0x359cf000-0x36cdefff]
[    0.000000] ACPI: Early table checksum verification disabled
[    0.000000] ACPI: RSDP 0x00000000000E0000 000024 (v02 VBOX  )
[    0.000000] ACPI: XSDT 0x000000003FFF0030 00003C (v01 VBOX   VBOXXSDT 00000001 ASL  00000061)
[    0.000000] ACPI: FACP 0x000000003FFF00F0 0000F4 (v04 VBOX   VBOXFACP 00000001 ASL  00000061)
[    0.000000] ACPI: DSDT 0x000000003FFF0470 002325 (v02 VBOX   VBOXBIOS 00000002 INTL 20100528)
[    0.000000] ACPI: FACS 0x000000003FFF0200 000040
[    0.000000] ACPI: FACS 0x000000003FFF0200 000040
[    0.000000] ACPI: APIC 0x000000003FFF0240 00005C (v02 VBOX   VBOXAPIC 00000001 ASL  00000061)
[    0.000000] ACPI: SSDT 0x000000003FFF02A0 0001CC (v01 VBOX   VBOXCPUT 00000002 INTL 20100528)
[    0.000000] No NUMA configuration found
[    0.000000] Faking a node at [mem 0x0000000000000000-0x000000003ffeffff]
[    0.000000] NODE_DATA(0) allocated [mem 0x3ffc5000-0x3ffeffff]
[    0.000000] kvm-clock: cpu 0, msr 0:3ff44001, primary cpu clock
[    0.000000] kvm-clock: Using msrs 4b564d01 and 4b564d00
[    0.000000] kvm-clock: using sched offset of 10264884877 cycles
[    0.000000] clocksource: kvm-clock: mask: 0xffffffffffffffff max_cycles: 0x1cd42e4dffb, max_idle_ns: 881590591483 ns
[    0.000000] Zone ranges:
[    0.000000]   DMA      [mem 0x0000000000001000-0x0000000000ffffff]
[    0.000000]   DMA32    [mem 0x0000000001000000-0x000000003ffeffff]
[    0.000000]   Normal   empty
[    0.000000]   Device   empty
[    0.000000] Movable zone start for each node
[    0.000000] Early memory node ranges
[    0.000000]   node   0: [mem 0x0000000000001000-0x000000000009efff]
[    0.000000]   node   0: [mem 0x0000000000100000-0x000000003ffeffff]
[    0.000000] Reserved but unavailable: 98 pages
[    0.000000] Initmem setup node 0 [mem 0x0000000000001000-0x000000003ffeffff]
[    0.000000] ACPI: PM-Timer IO Port: 0x4008
[    0.000000] IOAPIC[0]: apic_id 2, version 32, address 0xfec00000, GSI 0-23
[    0.000000] ACPI: INT_SRC_OVR (bus 0 bus_irq 0 global_irq 2 dfl dfl)
[    0.000000] ACPI: INT_SRC_OVR (bus 0 bus_irq 9 global_irq 9 low level)
[    0.000000] Using ACPI (MADT) for SMP configuration information
[    0.000000] smpboot: Allowing 2 CPUs, 0 hotplug CPUs
[    0.000000] PM: Registered nosave memory: [mem 0x00000000-0x00000fff]
[    0.000000] PM: Registered nosave memory: [mem 0x0009f000-0x0009ffff]
[    0.000000] PM: Registered nosave memory: [mem 0x000a0000-0x000effff]
[    0.000000] PM: Registered nosave memory: [mem 0x000f0000-0x000fffff]
[    0.000000] e820: [mem 0x40000000-0xfebfffff] available for PCI devices
[    0.000000] Booting paravirtualized kernel on KVM
[    0.000000] clocksource: refined-jiffies: mask: 0xffffffff max_cycles: 0xffffffff, max_idle_ns: 7645519600211568 ns
[    0.000000] random: get_random_bytes called from start_kernel+0x99/0x500 with crng_init=0
[    0.000000] setup_percpu: NR_CPUS:8192 nr_cpumask_bits:2 nr_cpu_ids:2 nr_node_ids:1
[    0.000000] percpu: Embedded 45 pages/cpu s147456 r8192 d28672 u1048576
[    0.000000] PV qspinlock hash table entries: 256 (order: 0, 4096 bytes)
[    0.000000] Built 1 zonelists, mobility grouping on.  Total pages: 257913
[    0.000000] Policy zone: DMA32
[    0.000000] Kernel command line: BOOT_IMAGE=/boot/vmlinuz-4.15.0-144-generic root=LABEL=cloudimg-rootfs ro console=tty1 console=ttyS0
[    0.000000] Memory: 982716K/1048120K available (12300K kernel code, 2483K rwdata, 4316K rodata, 2448K init, 2724K bss, 65404K reserved, 0K cma-reserved)
[    0.000000] SLUB: HWalign=64, Order=0-3, MinObjects=0, CPUs=2, Nodes=1
[    0.000000] Kernel/User page tables isolation: enabled
[    0.000000] ftrace: allocating 39453 entries in 155 pages
[    0.004000] Hierarchical RCU implementation.
[    0.004000] 	RCU restricting CPUs from NR_CPUS=8192 to nr_cpu_ids=2.
[    0.004000] 	Tasks RCU enabled.
[    0.004000] RCU: Adjusting geometry for rcu_fanout_leaf=16, nr_cpu_ids=2
[    0.004000] NR_IRQS: 524544, nr_irqs: 440, preallocated irqs: 16
[    0.004000] Console: colour VGA+ 80x25
[    0.004000] console [tty1] enabled
[    0.004000] console [ttyS0] enabled
[    0.004000] ACPI: Core revision 20170831
[    0.004000] ACPI: 2 ACPI AML tables successfully acquired and loaded
[    0.004000] APIC: Switch to symmetric I/O mode setup
[    0.004000] x2apic enabled
[    0.004011] Switched APIC routing to physical x2apic.
[    0.008000] ..TIMER: vector=0x30 apic1=0 pin1=2 apic2=-1 pin2=-1
[    0.008004] tsc: Detected 1800.002 MHz processor
[    0.012015] Calibrating delay loop (skipped) preset value.. 3600.00 BogoMIPS (lpj=7200008)
[    0.016004] pid_max: default: 32768 minimum: 301
[    0.017935] Security Framework initialized
[    0.019641] Yama: becoming mindful.
[    0.020041] AppArmor: AppArmor initialized
[    0.028089] Dentry cache hash table entries: 131072 (order: 8, 1048576 bytes)
[    0.032111] Inode-cache hash table entries: 65536 (order: 7, 524288 bytes)
[    0.034771] Mount-cache hash table entries: 2048 (order: 2, 16384 bytes)
[    0.036031] Mountpoint-cache hash table entries: 2048 (order: 2, 16384 bytes)
[    0.040589] Last level iTLB entries: 4KB 64, 2MB 8, 4MB 8
[    0.042740] Last level dTLB entries: 4KB 64, 2MB 0, 4MB 0, 1GB 4
[    0.044004] Spectre V1 : Mitigation: usercopy/swapgs barriers and __user pointer sanitization
[    0.048004] Spectre V2 : Mitigation: Full generic retpoline
[    0.050220] Spectre V2 : Spectre v2 / SpectreRSB mitigation: Filling RSB on context switch
[    0.052004] Speculative Store Bypass: Vulnerable
[    0.056071] SRBDS: Unknown: Dependent on hypervisor status
[    0.058232] MDS: Mitigation: Clear CPU buffers
[    0.060436] Freeing SMP alternatives memory: 36K
[    0.176128] smpboot: CPU0: Intel(R) Core(TM) i5-8250U CPU @ 1.60GHz (family: 0x6, model: 0x8e, stepping: 0xa)
[    0.180136] Performance Events: unsupported p6 CPU model 142 no PMU driver, software events only.
[    0.184008] Hierarchical SRCU implementation.
[    0.188105] NMI watchdog: Perf event create on CPU 0 failed with -2
[    0.190933] NMI watchdog: Perf NMI watchdog permanently disabled
[    0.192126] smp: Bringing up secondary CPUs ...
[    0.194296] x86: Booting SMP configuration:
[    0.196004] .... node  #0, CPUs:      #1
[    0.004000] kvm-clock: cpu 1, msr 0:3ff44041, secondary cpu clock
[    0.204008] smp: Brought up 1 node, 2 CPUs
[    0.205951] smpboot: Max logical packages: 1
[    0.207980] smpboot: Total of 2 processors activated (7200.00 BogoMIPS)
[    0.208236] devtmpfs: initialized
[    0.212105] x86/mm: Memory block size: 128MB
[    0.214501] evm: security.selinux
[    0.216005] evm: security.SMACK64
[    0.217679] evm: security.SMACK64EXEC
[    0.220004] evm: security.SMACK64TRANSMUTE
[    0.221919] evm: security.SMACK64MMAP
[    0.224003] evm: security.apparmor
[    0.225730] evm: security.ima
[    0.227225] evm: security.capability
[    0.228160] clocksource: jiffies: mask: 0xffffffff max_cycles: 0xffffffff, max_idle_ns: 7645041785100000 ns
[    0.232026] futex hash table entries: 512 (order: 3, 32768 bytes)
[    0.236079] pinctrl core: initialized pinctrl subsystem
[    0.244181] RTC time: 20:50:06, date: 06/15/21
[    0.248357] NET: Registered protocol family 16
[    0.250680] audit: initializing netlink subsys (disabled)
[    0.252052] audit: type=2000 audit(1623790218.220:1): state=initialized audit_enabled=0 res=1
[    0.256014] cpuidle: using governor ladder
[    0.260015] cpuidle: using governor menu
[    0.262040] ACPI: bus type PCI registered
[    0.263956] acpiphp: ACPI Hot Plug PCI Controller Driver version: 0.5
[    0.264237] PCI: Using configuration type 1 for base access
[    0.272464] HugeTLB registered 2.00 MiB page size, pre-allocated 0 pages
[    0.276162] ACPI: Added _OSI(Module Device)
[    0.278232] ACPI: Added _OSI(Processor Device)
[    0.280018] ACPI: Added _OSI(3.0 _SCP Extensions)
[    0.282178] ACPI: Added _OSI(Processor Aggregator Device)
[    0.284005] ACPI: Added _OSI(Linux-Dell-Video)
[    0.288004] ACPI: Added _OSI(Linux-Lenovo-NV-HDMI-Audio)
[    0.290738] ACPI: Added _OSI(Linux-HPI-Hybrid-Graphics)
[    0.292677] ACPI: Executed 1 blocks of module-level executable AML code
[    0.306025] ACPI: Interpreter enabled
[    0.307853] ACPI: (supports S0 S5)
[    0.308006] ACPI: Using IOAPIC for interrupt routing
[    0.312445] PCI: Using host bridge windows from ACPI; if necessary, use "pci=nocrs" and report a bug
[    0.316396] ACPI: Enabled 2 GPEs in block 00 to 07
[    0.334586] ACPI: PCI Root Bridge [PCI0] (domain 0000 [bus 00-ff])
[    0.336013] acpi PNP0A03:00: _OSC: OS supports [ASPM ClockPM Segments MSI]
[    0.341447] acpi PNP0A03:00: _OSC: not requesting OS control; OS requires [ExtendedConfig ASPM ClockPM MSI]
[    0.344027] acpi PNP0A03:00: fail to add MMCONFIG information, can't access extended PCI configuration space under this bridge.
[    0.348985] PCI host bridge to bus 0000:00
[    0.351083] pci_bus 0000:00: root bus resource [io  0x0000-0x0cf7 window]
[    0.352006] pci_bus 0000:00: root bus resource [io  0x0d00-0xffff window]
[    0.356005] pci_bus 0000:00: root bus resource [mem 0x000a0000-0x000bffff window]
[    0.360006] pci_bus 0000:00: root bus resource [mem 0x40000000-0xfdffffff window]
[    0.364005] pci_bus 0000:00: root bus resource [bus 00-ff]
[    0.372804] pci 0000:00:01.1: legacy IDE quirk: reg 0x10: [io  0x01f0-0x01f7]
[    0.376005] pci 0000:00:01.1: legacy IDE quirk: reg 0x14: [io  0x03f6]
[    0.378862] pci 0000:00:01.1: legacy IDE quirk: reg 0x18: [io  0x0170-0x0177]
[    0.380005] pci 0000:00:01.1: legacy IDE quirk: reg 0x1c: [io  0x0376]
[    0.407471] pci 0000:00:07.0: quirk: [io  0x4000-0x403f] claimed by PIIX4 ACPI
[    0.408034] pci 0000:00:07.0: quirk: [io  0x4100-0x410f] claimed by PIIX4 SMB
[    0.424290] ACPI: PCI Interrupt Link [LNKA] (IRQs 5 9 10 *11)
[    0.427684] ACPI: PCI Interrupt Link [LNKB] (IRQs 5 9 *10 11)
[    0.428316] ACPI: PCI Interrupt Link [LNKC] (IRQs 5 *9 10 11)
[    0.432297] ACPI: PCI Interrupt Link [LNKD] (IRQs 5 9 10 *11)
[    0.436386] SCSI subsystem initialized
[    0.438060] pci 0000:00:02.0: vgaarb: setting as boot VGA device
[    0.438665] pci 0000:00:02.0: vgaarb: VGA device added: decodes=io+mem,owns=io+mem,locks=none
[    0.444011] pci 0000:00:02.0: vgaarb: bridge control possible
[    0.446751] vgaarb: loaded
[    0.448064] ACPI: bus type USB registered
[    0.449935] usbcore: registered new interface driver usbfs
[    0.452021] usbcore: registered new interface driver hub
[    0.454411] usbcore: registered new device driver usb
[    0.456151] EDAC MC: Ver: 3.0.0
[    0.460646] PCI: Using ACPI for IRQ routing
[    0.464539] NetLabel: Initializing
[    0.466313] NetLabel:  domain hash size = 128
[    0.468005] NetLabel:  protocols = UNLABELED CIPSOv4 CALIPSO
[    0.470644] NetLabel:  unlabeled traffic allowed by default
[    0.472145] clocksource: Switched to clocksource kvm-clock
[    0.516220] VFS: Disk quotas dquot_6.6.0
[    0.518242] VFS: Dquot-cache hash table entries: 512 (order 0, 4096 bytes)
[    0.521379] AppArmor: AppArmor Filesystem Enabled
[    0.523754] pnp: PnP ACPI init
[    0.527827] pnp: PnP ACPI: found 3 devices
[    0.543190] clocksource: acpi_pm: mask: 0xffffff max_cycles: 0xffffff, max_idle_ns: 2085701024 ns
[    0.547413] NET: Registered protocol family 2
[    0.549789] TCP established hash table entries: 8192 (order: 4, 65536 bytes)
[    0.553024] TCP bind hash table entries: 8192 (order: 5, 131072 bytes)
[    0.561909] TCP: Hash tables configured (established 8192 bind 8192)
[    0.565206] UDP hash table entries: 512 (order: 2, 16384 bytes)
[    0.567747] UDP-Lite hash table entries: 512 (order: 2, 16384 bytes)
[    0.570685] NET: Registered protocol family 1
[    0.572673] pci 0000:00:00.0: Limiting direct PCI/PCI transfers
[    0.575244] pci 0000:00:01.0: Activating ISA DMA hang workarounds
[    0.578065] pci 0000:00:02.0: Video device with shadowed ROM at [mem 0x000c0000-0x000dffff]
[    0.582025] Unpacking initramfs...
[    1.272711] Freeing initrd memory: 19520K
[    1.274711] clocksource: tsc: mask: 0xffffffffffffffff max_cycles: 0x19f22b76be8, max_idle_ns: 440795216487 ns
[    1.279452] platform rtc_cmos: registered platform RTC device (no PNP device found)
[    1.283059] Scanning for low memory corruption every 60 seconds
[    1.287187] Initialise system trusted keyrings
[    1.289531] Key type blacklist registered
[    1.291766] workingset: timestamp_bits=36 max_order=18 bucket_order=0
[    1.297464] zbud: loaded
[    1.299945] squashfs: version 4.0 (2009/01/31) Phillip Lougher
[    1.303238] fuse init (API version 7.26)
[    1.311673] Key type asymmetric registered
[    1.313885] Asymmetric key parser 'x509' registered
[    1.316267] Block layer SCSI generic (bsg) driver version 0.4 loaded (major 246)
[    1.319883] io scheduler noop registered
[    1.321908] io scheduler deadline registered
[    1.324166] io scheduler cfq registered (default)
[    1.327083] ACPI: AC Adapter [AC] (off-line)
[    1.329390] input: Power Button as /devices/LNXSYSTM:00/LNXPWRBN:00/input/input0
[    1.333283] ACPI: Power Button [PWRF]
[    1.335280] input: Sleep Button as /devices/LNXSYSTM:00/LNXSLPBN:00/input/input1
[    1.338943] ACPI: Sleep Button [SLPF]
[    1.343406] ACPI: Battery Slot [BAT0] (battery present)
[    1.344408] Serial: 8250/16550 driver, 32 ports, IRQ sharing enabled
[    1.370458] 00:02: ttyS0 at I/O 0x3f8 (irq = 4, base_baud = 115200) is a 16550A
[    1.376797] Linux agpgart interface v0.103
[    1.381382] loop: module loaded
[    1.384296] scsi host0: ata_piix
[    1.386446] scsi host1: ata_piix
[    1.388258] ata1: PATA max UDMA/33 cmd 0x1f0 ctl 0x3f6 bmdma 0xd000 irq 14
[    1.391205] ata2: PATA max UDMA/33 cmd 0x170 ctl 0x376 bmdma 0xd008 irq 15
[    1.394554] libphy: Fixed MDIO Bus: probed
[    1.396703] tun: Universal TUN/TAP device driver, 1.6
[    1.399144] PPP generic driver version 2.4.2
[    1.401317] ehci_hcd: USB 2.0 'Enhanced' Host Controller (EHCI) Driver
[    1.404189] ehci-pci: EHCI PCI platform driver
[    1.406396] ehci-platform: EHCI generic platform driver
[    1.408805] ohci_hcd: USB 1.1 'Open' Host Controller (OHCI) Driver
[    1.411593] ohci-pci: OHCI PCI platform driver
[    1.413742] ohci-platform: OHCI generic platform driver
[    1.416162] uhci_hcd: USB Universal Host Controller Interface driver
[    1.419115] i8042: PNP: PS/2 Controller [PNP0303:PS2K,PNP0f03:PS2M] at 0x60,0x64 irq 1,12
[    1.423818] serio: i8042 KBD port at 0x60,0x64 irq 1
[    1.426208] serio: i8042 AUX port at 0x60,0x64 irq 12
[    1.428812] mousedev: PS/2 mouse device common for all mice
[    1.484026] input: AT Translated Set 2 keyboard as /devices/platform/i8042/serio0/input/input2
[    1.487902] rtc_cmos rtc_cmos: rtc core: registered rtc_cmos as rtc0
[    1.491763] rtc_cmos rtc_cmos: alarms up to one day, 114 bytes nvram
[    1.495429] i2c /dev entries driver
[    1.497657] device-mapper: uevent: version 1.0.3
[    1.500439] device-mapper: ioctl: 4.37.0-ioctl (2017-09-20) initialised: dm-devel@redhat.com
[    1.504586] ledtrig-cpu: registered to indicate activity on CPUs
[    1.508410] NET: Registered protocol family 10
[    1.518286] Segment Routing with IPv6
[    1.520278] NET: Registered protocol family 17
[    1.522640] Key type dns_resolver registered
[    1.525165] mce: Using 0 MCE banks
[    1.526742] RAS: Correctable Errors collector initialized.
[    1.529046] sched_clock: Marking stable (1529005589, 0)->(1930790967, -401785378)
[    1.532890] registered taskstats version 1
[    1.534601] Loading compiled-in X.509 certificates
[    1.540947] Loaded X.509 cert 'Build time autogenerated kernel key: 1e5516648b223d94d04ce7d99e6048c9b3ebcb77'
[    1.546152] Loaded X.509 cert 'Canonical Ltd. Live Patch Signing: 14df34d1a87cf37625abec039ef2bf521249b969'
[    1.551132] Loaded X.509 cert 'Canonical Ltd. Kernel Module Signing: 88f752e560a1e0737e31163a466ad7b70a850c19'
[    1.556261] zswap: loaded using pool lzo/zbud
[    1.589051] Key type big_key registered
[    1.590909] Key type trusted registered
[    1.596297] Key type encrypted registered
[    1.598377] AppArmor: AppArmor sha1 policy hashing enabled
[    1.601251] ima: No TPM chip found, activating TPM-bypass! (rc=-19)
[    1.604378] ima: Allocated hash algorithm: sha1
[    1.606703] evm: HMAC attrs: 0x1
[    1.608799]   Magic number: 9:38:852
[    1.610925] rtc_cmos rtc_cmos: setting system clock to 2021-06-15 20:50:08 UTC (1623790208)
[    1.615883] BIOS EDD facility v0.16 2004-Jun-25, 0 devices found
[    1.618653] EDD information not available.
[    1.628390] Freeing unused kernel image memory: 2448K
[    1.648570] Write protecting the kernel read-only data: 20480k
[    1.653348] Freeing unused kernel image memory: 2008K
[    1.656838] Freeing unused kernel image memory: 1828K
[    1.680774] x86/mm: Checked W+X mappings: passed, no W+X pages found.
[    1.683947] x86/mm: Checking user space page tables
[    1.705426] x86/mm: Checked W+X mappings: passed, no W+X pages found.
Loading, please wait...
starting version 237
[    1.872923] e1000: Intel(R) PRO/1000 Network Driver - version 7.3.21-k8-NAPI
[    1.875982] e1000: Copyright (c) 1999-2006 Intel Corporation.
[    1.882422] Fusion MPT base driver 3.04.20
[    1.884347] Copyright (c) 1999-2008 LSI Corporation
[    1.906935] AVX2 version of gcm_enc/dec engaged.
[    1.909188] AES CTR mode by8 optimization enabled
[    1.925989] Fusion MPT SPI Host driver 3.04.20
[    2.078560] input: ImExPS/2 Generic Explorer Mouse as /devices/platform/i8042/serio1/input/input4
[    3.343156] e1000 0000:00:03.0 eth0: (PCI:33MHz:32-bit) 02:98:b0:9b:6c:78
[    3.346090] e1000 0000:00:03.0 eth0: Intel(R) PRO/1000 Network Connection
[    3.352721] e1000 0000:00:03.0 enp0s3: renamed from eth0
[    3.355535] mptbase: ioc0: Initiating bringup
[    4.281405] ioc0: LSI53C1030 A0: Capabilities={Initiator}
[    7.345866] scsi host2: ioc0: LSI53C1030 A0, FwRev=00000000h, Ports=1, MaxQ=256, IRQ=20
[    9.338358] scsi 2:0:0:0: Direct-Access     VBOX     HARDDISK         1.0  PQ: 0 ANSI: 5
[    9.377042] scsi target2:0:0: Beginning Domain Validation
[    9.384652] scsi target2:0:0: Domain Validation skipping write tests
[    9.387314] scsi target2:0:0: Ending Domain Validation
[    9.389868] scsi target2:0:0: asynchronous
[    9.393606] scsi 2:0:1:0: Direct-Access     VBOX     HARDDISK         1.0  PQ: 0 ANSI: 5
[    9.428252] scsi target2:0:1: Beginning Domain Validation
[    9.432709] random: fast init done
[    9.437763] scsi target2:0:1: Domain Validation skipping write tests
[    9.440449] scsi target2:0:1: Ending Domain Validation
[    9.443164] scsi target2:0:1: asynchronous
[    9.456584] random: systemd-udevd: uninitialized urandom read (16 bytes read)
[    9.459603] random: systemd-udevd: uninitialized urandom read (16 bytes read)
[    9.463006] random: systemd-udevd: uninitialized urandom read (16 bytes read)
[    9.466487] sd 2:0:0:0: Attached scsi generic sg0 type 0
[    9.469585] sd 2:0:0:0: [sda] 83886080 512-byte logical blocks: (42.9 GB/40.0 GiB)
[    9.473246] sd 2:0:1:0: Attached scsi generic sg1 type 0
[    9.475698] sd 2:0:0:0: [sda] Write Protect is off
[    9.478601] sd 2:0:1:0: [sdb] 20480 512-byte logical blocks: (10.5 MB/10.0 MiB)
[    9.482067] sd 2:0:0:0: [sda] Incomplete mode parameter data
[    9.487000] sd 2:0:0:0: [sda] Assuming drive cache: write through
[    9.489889] sd 2:0:1:0: [sdb] Write Protect is off
[    9.493132] sd 2:0:1:0: [sdb] Incomplete mode parameter data
[    9.495660] sd 2:0:1:0: [sdb] Assuming drive cache: write through
[    9.672966]  sda: sda1
[    9.677068] sd 2:0:0:0: [sda] Attached SCSI disk
[    9.901888] sd 2:0:1:0: [sdb] Attached SCSI disk
Begin: Loading essential drivers ... [   12.368090] raid6: sse2x1   gen()  5446 MB/s
[   12.416105] raid6: sse2x1   xor()  3724 MB/s
[   12.464094] raid6: sse2x2   gen()  6797 MB/s
[   12.512099] raid6: sse2x2   xor()  4252 MB/s
[   12.560098] raid6: sse2x4   gen()  7727 MB/s
[   12.608096] raid6: sse2x4   xor()  4792 MB/s
[   12.656101] raid6: avx2x1   gen() 10840 MB/s
[   12.704033] raid6: avx2x1   xor()  7064 MB/s
[   12.752099] raid6: avx2x2   gen() 12777 MB/s
[   12.800079] raid6: avx2x2   xor()  7593 MB/s
[   12.848097] raid6: avx2x4   gen() 15024 MB/s
[   12.896082] raid6: avx2x4   xor()  9057 MB/s
[   12.898023] raid6: using algorithm avx2x4 gen() 15024 MB/s
[   12.900385] raid6: .... xor() 9057 MB/s, rmw enabled
[   12.902548] raid6: using avx2x2 recovery algorithm
[   12.907409] xor: automatically using best checksumming function   avx       
[   12.913219] async_tx: api initialized (async)
done.
Begin: Running /scripts/init-premount ... done.
Begin: Mounting root file system ... Begin: Running /scripts/local-top ... done.
Begin: Running /scripts/local-premount ... [   13.008751] Btrfs loaded, crc32c=crc32c-intel
Scanning for Btrfs filesystems
done.
Warning: fsck not present, so skipping root file system
[   15.010850] EXT4-fs (sda1): mounted filesystem with ordered data mode. Opts: (null)
done.
Begin: Running /scripts/local-bottom ... done.
Begin: Running /scripts/init-bottom ... done.
[   16.138927] random: crng init done
[   16.140666] random: 7 urandom warning(s) missed due to ratelimiting
[   16.976453] ip_tables: (C) 2000-2006 Netfilter Core Team
[   17.078325] systemd[1]: systemd 237 running in system mode. (+PAM +AUDIT +SELINUX +IMA +APPARMOR +SMACK +SYSVINIT +UTMP +LIBCRYPTSETUP +GCRYPT +GNUTLS +ACL +XZ +LZ4 +SECCOMP +BLKID +ELFUTILS +KMOD -IDN2 +IDN -PCRE2 default-hierarchy=hybrid)
[   17.088035] systemd[1]: Detected virtualization oracle.
[   17.090511] systemd[1]: Detected architecture x86-64.

Welcome to [1mUbuntu 18.04.5 LTS[0m!

[   17.361739] systemd[1]: Set hostname to <ubuntu>.
[   17.472735] systemd[1]: Initializing machine ID from random generator.
[   17.475585] systemd[1]: Installed transient /etc/machine-id file.
[   21.045104] systemd[1]: Created slice User and Session Slice.
[[0;32m  OK  [0m] Created slice User and Session Slice.
[   21.048977] systemd[1]: Reached target System Time Synchronized.
[[0;32m  OK  [0m] Reached target System Time Synchronized.
[   21.052531] systemd[1]: Reached target Swap.
[[0;32m  OK  [0m] Reached target Swap.
[   21.065011] systemd[1]: Created slice System Slice.
[[0;32m  OK  [0m] Created slice System Slice.
[[0;32m  OK  [0m] Listening on fsck to fsckd communication Socket.
[[0;32m  OK  [0m] Listening on Device-mapper event daemon FIFOs.
[[0;32m  OK  [0m] Reached target Slices.
[[0;32m  OK  [0m] Created slice system-serial\x2dgetty.slice.
[[0;32m  OK  [0m] Reached target User and Group Name Lookups.
[[0;32m  OK  [0m] Listening on Network Service Netlink Socket.
[[0;32m  OK  [0m] Listening on Journal Socket.
         Starting Create list of required stâ€¦ce nodes for the current kernel...
         Mounting Kernel Debug File System...
         Starting Uncomplicated firewall...
         Starting Load Kernel Modules...
         Mounting Huge Pages File System...
[[0;32m  OK  [0m] Listening on Journal Socket (/dev/log).
[[0;32m  OK  [0m] Listening on LVM2 poll daemon socket.
[[0;32m  OK  [0m] Listening on udev Control Socket.
[[0;32m  OK  [0m] Listening on Syslog Socket.
         Mounting POSIX Message Queue File System...
[[0;32m  OK  [0m] Set up automount Arbitrary Executabâ€¦rmats File System Automount Point.
         Starting Set the console keyboard layout...
[[0;32m  OK  [0m] Listening on Journal Audit Socket.
         Starting Journal Service...
[[0;32m  OK  [0m] Listening on udev Kernel Socket.
         Starting udev Coldplug all Devices...
[[0;32m  OK  [0m] Listening on LVM2 metadata daemon socket.
         Starting Monitoring of LVM2 mirrorsâ€¦ng dmeventd or progress polling...
[[0;32m  OK  [0m] Listening on /dev/initctl Compatibility Named Pipe.
[   21.277976] Loading iSCSI transport class v2.0-870.
         Starting File System Check on Root Device...
[[0;32m  OK  [0m] Started Forward Password Requests to Wall Directory Watch.
[[0;32m  OK  [0m] Started Create list of required staâ€¦vice nodes for the current kernel.
[[0;32m  OK  [0m] Mounted Kernel Debug File System.
[[0;32m  OK  [0m] Started Uncomplicated firewall.
[[0;32m  OK  [0m] Mounted Huge Pages File System.
[[0;32m  OK  [0m] Mounted POSIX Message Queue File System.
         Starting Create Static Device Nodes in /dev...
[   21.312649] iscsi: registered transport (tcp)
[[0;32m  OK  [0m] Started Journal Service.
[[0;32m  OK  [0m] Started udev Coldplug all Devices.
[   21.657217] iscsi: registered transport (iser)
[[0;32m  OK  [0m] Started Load Kernel Modules.
         Mounting Kernel Configuration File System...
         Mounting FUSE Control File System...
         Starting Apply Kernel Variables...
[[0;32m  OK  [0m] Mounted Kernel Configuration File System.
[[0;32m  OK  [0m] Mounted FUSE Control File System.
[[0;32m  OK  [0m] Started LVM2 metadata daemon.
[[0;32m  OK  [0m] Started File System Check Daemon to report status.
[[0;32m  OK  [0m] Started Monitoring of LVM2 mirrors,â€¦sing dmeventd or progress polling.
[[0;32m  OK  [0m] Started File System Check on Root Device.
         Starting Remount Root and Kernel File Systems...
[[0;32m  OK  [0m] Started Create Static Device Nodes in /dev.
[[0;32m  OK  [0m] Started Apply Kernel Variables.
[[0;32m  OK  [0m] Started Remount Root and Kernel File Systems.
         Starting Load/Save Random Seed...
         Starting Flush Journal to Persistent Storage...
         Starting udev Kernel Device Manager...
[[0;32m  OK  [0m] Started Load/Save Random Seed.
[[0;32m  OK  [0m] Started udev Kernel Device Manager.
[[0;32m  OK  [0m] Started Set the console keyboard layout.
[[0;32m  OK  [0m] Started Dispatch Password Requests to Console Directory Watch.
[[0;32m  OK  [0m] Reached target Local Encrypted Volumes.
[[0;32m  OK  [0m] Reached target Local File Systems (Pre).
[[0;32m  OK  [0m] Reached target Local File Systems.
         Starting Tell Plymouth To Write Out Runtime Data...
         Starting ebtables ruleset management...
         Starting Commit a transient machine-id on disk...
         Starting Set console font and keymap...
         Starting AppArmor initialization...
[[0;32m  OK  [0m] Started Flush Journal to Persistent Storage.
         Starting Create Volatile Files and Directories...
[[0;32m  OK  [0m] Started Tell Plymouth To Write Out Runtime Data.
[[0;32m  OK  [0m] Started Set console font and keymap.
[[0;32m  OK  [0m] Started Create Volatile Files and Directories.
         Starting Update UTMP about System Boot/Shutdown...
[[0;32m  OK  [0m] Started Update UTMP about System Boot/Shutdown.
[[0;32m  OK  [0m] Started Commit a transient machine-id on disk.
[[0;32m  OK  [0m] Started ebtables ruleset management.
[[0;32m  OK  [0m] Found device /dev/ttyS0.
[[0;32m  OK  [0m] Listening on Load/Save RF Kill Switch Status /dev/rfkill Watch.
[[0;32m  OK  [0m] Started AppArmor initialization.
         Starting Load AppArmor profiles managed internally by snapd...
         Starting Initial cloud-init job (pre-networking)...
[[0;32m  OK  [0m] Started Load AppArmor profiles managed internally by snapd.
[   35.041459] cloud-init[568]: Cloud-init v. 21.1-19-gbad84ad4-0ubuntu1~18.04.2 running 'init-local' at Tue, 15 Jun 2021 20:50:39 +0000. Up 32.98 seconds.
[[0;32m  OK  [0m] Started Initial cloud-init job (pre-networking).
[[0;32m  OK  [0m] Reached target Network (Pre).
         Starting Network Service...
[[0;32m  OK  [0m] Started Network Service.
         Starting Network Name Resolution...
         Starting Wait for Network to be Configured...
[[0;32m  OK  [0m] Started Network Name Resolution.
[[0;32m  OK  [0m] Reached target Host and Network Name Lookups.
[[0;32m  OK  [0m] Reached target Network.
[[0;32m  OK  [0m] Started Wait for Network to be Configured.
         Starting Initial cloud-init job (metadata service crawler)...
[   38.712868] cloud-init[706]: Cloud-init v. 21.1-19-gbad84ad4-0ubuntu1~18.04.2 running 'init' at Tue, 15 Jun 2021 20:50:45 +0000. Up 38.23 seconds.
[   38.719723] cloud-init[706]: ci-info: ++++++++++++++++++++++++++++++++++++++Net device info++++++++++++++++++++++++++++++++++++++
[   38.723358] cloud-init[706]: ci-info: +--------+------+----------------------------+---------------+--------+-------------------+
[   38.726556] cloud-init[706]: ci-info: | Device |  Up  |          Address           |      Mask     | Scope  |     Hw-Address    |
[   38.729639] cloud-init[706]: ci-info: +--------+------+----------------------------+---------------+--------+-------------------+
[   38.734243] cloud-init[706]: ci-info: | enp0s3 | True |         10.0.2.15          | 255.255.255.0 | global | 02:98:b0:9b:6c:78 |
[   38.739827] cloud-init[706]: ci-info: | enp0s3 | True | fe80::98:b0ff:fe9b:6c78/64 |       .       |  link  | 02:98:b0:9b:6c:78 |
[   38.743583] cloud-init[706]: ci-info: |   lo   | True |         127.0.0.1          |   255.0.0.0   |  host  |         .         |
[   38.750773] cloud-init[706]: ci-info: |   lo   | True |          ::1/128           |       .       |  host  |         .         |
[   38.755051] cloud-init[706]: ci-info: +--------+------+----------------------------+---------------+--------+-------------------+
[   38.772464] cloud-init[706]: ci-info: ++++++++++++++++++++++++++++Route IPv4 info+++++++++++++++++++++++++++++
[   38.788462] cloud-init[706]: ci-info: +-------+-------------+----------+-----------------+-----------+-------+
[   38.790608] cloud-init[706]: ci-info: | Route | Destination | Gateway  |     Genmask     | Interface | Flags |
[   38.793551] cloud-init[706]: ci-info: +-------+-------------+----------+-----------------+-----------+-------+
[   38.796836] cloud-init[706]: ci-info: |   0   |   0.0.0.0   | 10.0.2.2 |     0.0.0.0     |   enp0s3  |   UG  |
[   38.798792] cloud-init[706]: ci-info: |   1   |   10.0.2.0  | 0.0.0.0  |  255.255.255.0  |   enp0s3  |   U   |
[   38.801019] cloud-init[706]: ci-info: |   2   |   10.0.2.2  | 0.0.0.0  | 255.255.255.255 |   enp0s3  |   UH  |
[   38.806917] cloud-init[706]: ci-info: +-------+-------------+----------+-----------------+-----------+-------+
[   38.813239] cloud-init[706]: ci-info: +++++++++++++++++++Route IPv6 info+++++++++++++++++++
[   38.815864] cloud-init[706]: ci-info: +-------+-------------+---------+-----------+-------+
[   38.817823] cloud-init[706]: ci-info: | Route | Destination | Gateway | Interface | Flags |
[   38.820741] cloud-init[706]: ci-info: +-------+-------------+---------+-----------+-------+
[   38.833009] cloud-init[706]: ci-info: |   1   |  fe80::/64  |    ::   |   enp0s3  |   U   |
[   38.837675] cloud-init[706]: ci-info: |   3   |    local    |    ::   |   enp0s3  |   U   |
[   38.843056] cloud-init[706]: ci-info: |   4   |   ff00::/8  |    ::   |   enp0s3  |   U   |
[   38.846258] cloud-init[706]: ci-info: +-------+-------------+---------+-----------+-------+
[   43.742711] cloud-init[706]: Generating public/private rsa key pair.
[   43.756541] cloud-init[706]: Your identification has been saved in /etc/ssh/ssh_host_rsa_key.
[   43.760587] cloud-init[706]: Your public key has been saved in /etc/ssh/ssh_host_rsa_key.pub.
[   43.772362] cloud-init[706]: The key fingerprint is:
[   43.773883] cloud-init[706]: SHA256:lE1Lmkb6NgII7cS5VpdQ1kdbgO7X9wtf2BsIRYExEYA root@ubuntu-bionic
[   43.788400] cloud-init[706]: The key's randomart image is:
[   43.800372] cloud-init[706]: +---[RSA 2048]----+
[   43.801789] cloud-init[706]: |.o ..oooo+***o.  |
[   43.812392] cloud-init[706]: | .=...oEoB.=o    |
[   43.814347] cloud-init[706]: | o.o....*.+  .   |
[   43.824382] cloud-init[706]: |  +  . +.   .    |
[   43.825656] cloud-init[706]: | .    ..S  o     |
[   43.827119] cloud-init[706]: |       o... o oo |
[   43.840382] cloud-init[706]: |         .   +.oo|
[   43.841681] cloud-init[706]: |              o =|
[   43.852394] cloud-init[706]: |               +.|
[   43.864380] cloud-init[706]: +----[SHA256]-----+
[   43.866055] cloud-init[706]: Generating public/private dsa key pair.
[   43.868387] cloud-init[706]: Your identification has been saved in /etc/ssh/ssh_host_dsa_key.
[   43.870886] cloud-init[706]: Your public key has been saved in /etc/ssh/ssh_host_dsa_key.pub.
[   43.873458] cloud-init[706]: The key fingerprint is:
[[   43.884784] cloud-init[706]: SHA256:rQZmpVT+uh2+5C7D+fFR2IlXRPc9W7gFSuW+L1X9YjU root@ubuntu-bionic
[   43.884948] cloud-init[706]: The key's randomart image is:
[   43.886541] cloud-init[706]: +---[DSA 1024]----+
[   43.887771] cloud-init[706]: |        .   ..o.+|
[   43.889149] cloud-init[706]: |       o   . o ++|
[   43.890008] cloud-init[706]: |      . o   . o.B|
[   43.890965] cloud-init[706]: |     . o o   = EB|
[   43.892546] cloud-init[706]: |      = S o o Bo+|
[   43.893241] cloud-init[706]: |     o . o   oo.o|
[   43.894221] cloud-init[706]: |       .+.+ ...o |
[   43.896206] cloud-init[706]: |       .=* + ... |
[   43.897032] cloud-init[706]: |        .=B..  ..|
[   43.898678] cloud-init[706]: +----[SHA256]-----+
[   43.899940] cloud-init[706]: Generating public/private ecdsa key pair.
[   43.901187] cloud-init[706]: Your identification has been saved in /etc/ssh/ssh_host_ecdsa_key.
[   43.902560] cloud-init[706]: Your public key has been saved in /etc/ssh/ssh_host_ecdsa_key.pub.
[   43.904623] cloud-init[706]: The key fingerprint is:
[   43.905828] cloud-init[706]: SHA256:uJVKOCImpK9/w7weioO8e8NHOgo9Lclp6SXBGflXIps root@ubuntu-bionic
[   43.906793] cloud-init[706]: The key's randomart image is:
[   43.907802] cloud-init[706]: +---[ECDSA 256]---+
[   43.908763] cloud-init[706]: |                 |
[   43.909568] cloud-init[706]: |   .             |
[   43.910664] cloud-init[706]: | .o . . .        |
[   43.911486] cloud-init[706]: |o. + = + .       |
[   43.912816] cloud-init[706]: |+.= E + S        |
[   43.913691] cloud-init[706]: |o= B = +         |
[   43.914542] cloud-init[706]: |+ &o* o          |
[   43.915188] cloud-init[706]: |+* %=o           |
[   43.915640] cloud-init[706]: |o*Oo*o           |
[   43.917462] cloud-init[706]: +----[SHA256]-----+
[   43.918090] cloud-init[706]: Generating public/private ed25519 key pair.
[   43.918284] cloud-init[706]: Your identification has been saved in /etc/ssh/ssh_host_ed25519_key.
[   43.918591] cloud-init[706]: Your public key has been saved in /etc/ssh/ssh_host_ed25519_key.pub.
[0;32m  OK  [0m] Started Initial cloud-init job (metadata service crawler).
[[0;32m  OK  [0m] Reached target System Initialization.
[   43.919380] cloud-init[706]: The key fingerprint is:
[   43.945040] cloud-init[706]: SHA256:rmzMIS0rm4NVZOkripEPizNzjkkeDyidGN047/T8BGs root@ubuntu-bionic
         Starting LXD - unix socket.
[   43.964947] [[0;32m  OK  [0m] Started Daily Cleanup of Temporary Directories.
[[0;32m  OK  [0m] Listening on ACPID Listen Socket.
cloud-init[706]: The key's randomart image is:
[[0;32m  OK  [0m] Started Ubuntu Advantage update messaging.
[[0;32m  OK  [0m] Started Daily apt download activities.
[[0;32m  OK  [0m] Listening on UUID daemon activation socket.
[   43.987563] cloud-init[706]: +--[ED25519 256]--+
[[0;32m  OK  [0m] Started Discard unused blocks once a week.
[[0;32m  OK  [0m] Listening on Open-iSCSI iscsid Socket.
[[0;32m  OK  [0m] Started Message of the Day.
[[0;32m  OK  [0m] Started Daily apt upgrade and clean activities.
[[0;32m  OK  [0m] Reached target Timers.
[   44.166622]          Starting Socket activation for snappy daemon.
cloud-init[706]: |     .           |
[[0;32m  OK  [0m] Listening on D-Bus System Message Bus Socket.
[   44.169180] cloud-init[706]: |    +            |
[   44.171189] cloud-init[706]: |   +             |
[   44.172408] cloud-init[706]: | . oo            |
[[0;32m  OK  [0m] Started ACPI Events Check.
[[0;32m  OK  [0m] Reached target Paths.
[[0;32m  OK  [0m] Reached target Network is Online.
[   44.190108] cloud-init[706]: |..+..o. S        |
[   44.197305] cloud-init[706]: |=+o++ o+         |
[[0;32m  OK  [0m] Reached target Remote File Systems (Pre).
[   44.202794] [[0;32m  OK  [0m] Reached target Remote File Systems.
         Starting Availability of block devices...
[[0;32m  OK  [0m] Reached target Cloud-config availability.
cloud-init[706]: |*%o.o*E.o        |
[   44.218212] cloud-init[706]: |&oO+.=+o         |
[   44.219347] cloud-init[706]: |oB+=..=..        |
[   44.220988] cloud-init[706]: +----[SHA256]-----+
[[0;32m  OK  [0m] Listening on LXD - unix socket.
[[0;32m  OK  [0m] Listening on Socket activation for snappy daemon.
[[0;32m  OK  [0m] Reached target Sockets.
[[0;32m  OK  [0m] Reached target Basic System.
[[0;32m  OK  [0m] Started irqbalance daemon.
         Starting Login Service...
         Starting System Logging Service...
         Starting Permit User Sessions...
         Starting LSB: automatic crash report generation...
         Starting LSB: Record successful boot for GRUB...
[[0;32m  OK  [0m] Started Regular background program processing daemon.
[[0;32m  OK  [0m] Started FUSE filesystem for LXC.
         Starting Snap Daemon...
         Starting Dispatcher daemon for systemd-networkd...
[[0;32m  OK  [0m] Started D-Bus System Message Bus.
[[0;32m  OK  [0m] Started Login Service.
[[0;32m  OK  [0m] Started Unattended Upgrades Shutdown.
[[0;32m  OK  [0m] Started Deferred execution scheduler.
         Starting Pollinate to seed the pseudo random number generator...
         Starting Accounts Service...
         Starting Virtualbox guest utils...
         Starting LXD - container startup/shutdown...
[[0;32m  OK  [0m] Started System Logging Service.
[[0;32m  OK  [0m] Started Availability of block devices.
[[0;32m  OK  [0m] Started Permit User Sessions.
         Starting Terminate Plymouth Boot Screen...
         Starting Hold until boot process finishes up...
[[0;32m  OK  [0m] Started Terminate Plymouth Boot Screen.
[[0;32m  OK  [0m] Started Hold until boot process finishes up.
[[0;32m  OK  [0m] Started Serial Getty on ttyS0.
         Starting Set console scheme...
[[0;32m  OK  [0m] Started Set console scheme.
[[0;32m  OK  [0m] Created slice system-getty.slice.
[[0;32m  OK  [0m] Started Getty on tty1.
[[0;32m  OK  [0m] Reached target Login Prompts.
[[0;32m  OK  [0m] Started LSB: automatic crash report generation.
         Starting Authorization Manager...
[[0;32m  OK  [0m] Started LSB: Record successful boot for GRUB.
[[0;32m  OK  [0m] Started Authorization Manager.
[[0;32m  OK  [0m] Started Accounts Service.
[[0;32m  OK  [0m] Started Dispatcher daemon for systemd-networkd.
[[0;32m  OK  [0m] Started Virtualbox guest utils.
[[0;32m  OK  [0m] Started LXD - container startup/shutdown.
[[0;32m  OK  [0m] Started Snap Daemon.
         Starting Wait until snapd is fully seeded...

Ubuntu 18.04.5 LTS ubuntu-bionic ttyS0

ubuntu-bionic login: [   57.480592] cloud-init[1318]: Cloud-init v. 21.1-19-gbad84ad4-0ubuntu1~18.04.2 running 'modules:config' at Tue, 15 Jun 2021 20:51:01 +0000. Up 54.31 seconds.
ci-info: no authorized SSH keys fingerprints found for user ubuntu.
<14>Jun 15 20:51:06 ec2: 
<14>Jun 15 20:51:06 ec2: #############################################################
<14>Jun 15 20:51:06 ec2: -----BEGIN SSH HOST KEY FINGERPRINTS-----
<14>Jun 15 20:51:06 ec2: 1024 SHA256:rQZmpVT+uh2+5C7D+fFR2IlXRPc9W7gFSuW+L1X9YjU root@ubuntu-bionic (DSA)
<14>Jun 15 20:51:06 ec2: 256 SHA256:uJVKOCImpK9/w7weioO8e8NHOgo9Lclp6SXBGflXIps root@ubuntu-bionic (ECDSA)
<14>Jun 15 20:51:06 ec2: 256 SHA256:rmzMIS0rm4NVZOkripEPizNzjkkeDyidGN047/T8BGs root@ubuntu-bionic (ED25519)
<14>Jun 15 20:51:06 ec2: 2048 SHA256:lE1Lmkb6NgII7cS5VpdQ1kdbgO7X9wtf2BsIRYExEYA root@ubuntu-bionic (RSA)
<14>Jun 15 20:51:06 ec2: -----END SSH HOST KEY FINGERPRINTS-----
<14>Jun 15 20:51:06 ec2: #############################################################
-----BEGIN SSH HOST KEY KEYS-----
ecdsa-sha2-nistp256 AAAAE2VjZHNhLXNoYTItbmlzdHAyNTYAAAAIbmlzdHAyNTYAAABBBLfO/8xGXvZsnq5amTdZ9dMfGocxETnDkR2tnVCtIA07CCXeRrW7arZmR/EDGntW6IwKinLhlbrYTY0rJ4+kWhg= root@ubuntu-bionic
ssh-ed25519 AAAAC3NzaC1lZDI1NTE5AAAAICTpNaBlGoRyffd6zUMwgIyh+4Y//smmIqc3nGpU4RSQ root@ubuntu-bionic
ssh-rsa AAAAB3NzaC1yc2EAAAADAQABAAABAQDI8KAwdfe6SDyaNkO9p97dGJwx4SIXRm1EvJZ3lf6+IbwSoamatuiXa0fcfK5d/3GBB1c+AcbiSY4ltkTsBV9JUZUN6RdlTWheMpKol+aM87UTrbcQ+g73E3VlzWFpJjDAnaPwWs2HPfMZruvbLikaQZgsKpWvC3i7PnH3AK25Qj+YRmpDKRXqIYQ02aXCHbykFX/qQVDIoizBoIWTrcNa3o4jpst3tRIsj/MQ75UDGpK4imdfNIZxvubnyNc/o4Etz+/R6KFn8i0eXQinGqZgO2s9ofayouGwou5G0JKgPPsl9jfvNNQPjVoal1EAc37tHZHTeZmIQUFPXhPsEoR9 root@ubuntu-bionic
-----END SSH HOST KEY KEYS-----
[   59.745825] cloud-init[1404]: Cloud-init v. 21.1-19-gbad84ad4-0ubuntu1~18.04.2 running 'modules:final' at Tue, 15 Jun 2021 20:51:05 +0000. Up 58.82 seconds.
[   59.746016] cloud-init[1404]: ci-info: no authorized SSH keys fingerprints found for user ubuntu.
[   59.746238] cloud-init[1404]: Cloud-init v. 21.1-19-gbad84ad4-0ubuntu1~18.04.2 finished at Tue, 15 Jun 2021 20:51:06 +0000. Datasource DataSourceNoCloud [seed=/dev/sdb][dsmode=net].  Up 59.72 seconds
